This is pdfTeX, Version 3.141592653-2.6-1.40.25 (MiKTeX 24.1) (preloaded format=pdflatex.fmt)
 restricted \write18 enabled.
entering extended mode
(USER_MANUAL.tex
LaTeX2e <2023-11-01> patch level 1
L3 programming layer <2024-01-04>
(C:\Users\WasStudent\AppData\Local\Programs\MiKTeX\tex/latex/base\article.cls
Document Class: article 2023/05/17 v1.4n Standard LaTeX document class
(C:\Users\WasStudent\AppData\Local\Programs\MiKTeX\tex/latex/base\size11.clo))
(C:\Users\WasStudent\AppData\Local\Programs\MiKTeX\tex/latex/base\inputenc.sty)
 (C:\Users\WasStudent\AppData\Local\Programs\MiKTeX\tex/latex/base\fontenc.sty)
 (C:\Users\WasStudent\AppData\Local\Programs\MiKTeX\tex/generic/babel\babel.sty

(C:\Users\WasStudent\AppData\Local\Programs\MiKTeX\tex/generic/babel\txtbabel.d
ef)
*************************************
* Local config file bblopts.cfg used
*
(C:\Users\WasStudent\AppData\Local\Programs\MiKTeX\tex/latex/arabi\bblopts.cfg)

(C:\Users\WasStudent\AppData\Local\Programs\MiKTeX\tex/latex/babel-german\germa
n.ldf
(C:\Users\WasStudent\AppData\Local\Programs\MiKTeX\tex/latex/babel-german\germa
nb.ldf))
(C:\Users\WasStudent\AppData\Local\Programs\MiKTeX\tex/latex/babel-english\engl
ish.ldf))
(C:\Users\WasStudent\AppData\Local\Programs\MiKTeX\tex/generic/babel/locale/en\
babel-english.tex)
(C:\Users\WasStudent\AppData\Local\Programs\MiKTeX\tex/generic/babel/locale/de\
babel-german.tex)
(C:\Users\WasStudent\AppData\Local\Programs\MiKTeX\tex/latex/geometry\geometry.
sty
(C:\Users\WasStudent\AppData\Local\Programs\MiKTeX\tex/latex/graphics\keyval.st
y)
(C:\Users\WasStudent\AppData\Local\Programs\MiKTeX\tex/generic/iftex\ifvtex.sty
(C:\Users\WasStudent\AppData\Local\Programs\MiKTeX\tex/generic/iftex\iftex.sty)
)
(C:\Users\WasStudent\AppData\Local\Programs\MiKTeX\tex/latex/geometry\geometry.
cfg))
(C:\Users\WasStudent\AppData\Local\Programs\MiKTeX\tex/latex/hyperref\hyperref.
sty
(C:\Users\WasStudent\AppData\Local\Programs\MiKTeX\tex/generic/infwarerr\infwar
err.sty)
(C:\Users\WasStudent\AppData\Local\Programs\MiKTeX\tex/latex/kvsetkeys\kvsetkey
s.sty)
(C:\Users\WasStudent\AppData\Local\Programs\MiKTeX\tex/generic/kvdefinekeys\kvd
efinekeys.sty)
(C:\Users\WasStudent\AppData\Local\Programs\MiKTeX\tex/generic/pdfescape\pdfesc
ape.sty
(C:\Users\WasStudent\AppData\Local\Programs\MiKTeX\tex/generic/ltxcmds\ltxcmds.
sty)
(C:\Users\WasStudent\AppData\Local\Programs\MiKTeX\tex/generic/pdftexcmds\pdfte
xcmds.sty))
(C:\Users\WasStudent\AppData\Local\Programs\MiKTeX\tex/latex/hycolor\hycolor.st
y)
(C:\Users\WasStudent\AppData\Local\Programs\MiKTeX\tex/latex/letltxmacro\letltx
macro.sty)
(C:\Users\WasStudent\AppData\Local\Programs\MiKTeX\tex/latex/auxhook\auxhook.st
y)
(C:\Users\WasStudent\AppData\Local\Programs\MiKTeX\tex/latex/hyperref\nameref.s
ty
(C:\Users\WasStudent\AppData\Local\Programs\MiKTeX\tex/latex/refcount\refcount.
sty)
(C:\Users\WasStudent\AppData\Local\Programs\MiKTeX\tex/generic/gettitlestring\g
ettitlestring.sty
(C:\Users\WasStudent\AppData\Local\Programs\MiKTeX\tex/latex/kvoptions\kvoption
s.sty)))
(C:\Users\WasStudent\AppData\Local\Programs\MiKTeX\tex/latex/etoolbox\etoolbox.
sty)
(C:\Users\WasStudent\AppData\Local\Programs\MiKTeX\tex/latex/hyperref\pd1enc.de
f)
(C:\Users\WasStudent\AppData\Local\Programs\MiKTeX\tex/generic/intcalc\intcalc.
sty)
(C:\Users\WasStudent\AppData\Local\Programs\MiKTeX\tex/latex/hyperref\puenc.def
) (C:\Users\WasStudent\AppData\Local\Programs\MiKTeX\tex/latex/url\url.sty)
(C:\Users\WasStudent\AppData\Local\Programs\MiKTeX\tex/generic/bitset\bitset.st
y
(C:\Users\WasStudent\AppData\Local\Programs\MiKTeX\tex/generic/bigintcalc\bigin
tcalc.sty))
(C:\Users\WasStudent\AppData\Local\Programs\MiKTeX\tex/latex/base\atbegshi-ltx.
sty))
(C:\Users\WasStudent\AppData\Local\Programs\MiKTeX\tex/latex/hyperref\hpdftex.d
ef
(C:\Users\WasStudent\AppData\Local\Programs\MiKTeX\tex/latex/base\atveryend-ltx
.sty)
(C:\Users\WasStudent\AppData\Local\Programs\MiKTeX\tex/latex/rerunfilecheck\rer
unfilecheck.sty
(C:\Users\WasStudent\AppData\Local\Programs\MiKTeX\tex/generic/uniquecounter\un
iquecounter.sty)))
(C:\Users\WasStudent\AppData\Local\Programs\MiKTeX\tex/latex/graphics\graphicx.
sty
(C:\Users\WasStudent\AppData\Local\Programs\MiKTeX\tex/latex/graphics\graphics.
sty
(C:\Users\WasStudent\AppData\Local\Programs\MiKTeX\tex/latex/graphics\trig.sty)

(C:\Users\WasStudent\AppData\Local\Programs\MiKTeX\tex/latex/graphics-cfg\graph
ics.cfg)
(C:\Users\WasStudent\AppData\Local\Programs\MiKTeX\tex/latex/graphics-def\pdfte
x.def)))
(C:\Users\WasStudent\AppData\Local\Programs\MiKTeX\tex/latex/enumitem\enumitem.
sty)
(C:\Users\WasStudent\AppData\Local\Programs\MiKTeX\tex/latex/tocloft\tocloft.st
y)
(C:\Users\WasStudent\AppData\Local\Programs\MiKTeX\tex/latex/fancyhdr\fancyhdr.
sty)
(C:\Users\WasStudent\AppData\Local\Programs\MiKTeX\tex/latex/listings\listings.
sty
(C:\Users\WasStudent\AppData\Local\Programs\MiKTeX\tex/latex/listings\lstmisc.s
ty)
(C:\Users\WasStudent\AppData\Local\Programs\MiKTeX\tex/latex/listings\listings.
cfg))
(C:\Users\WasStudent\AppData\Local\Programs\MiKTeX\tex/latex/xcolor\xcolor.sty
(C:\Users\WasStudent\AppData\Local\Programs\MiKTeX\tex/latex/graphics-cfg\color
.cfg)
(C:\Users\WasStudent\AppData\Local\Programs\MiKTeX\tex/latex/graphics\mathcolor
.ltx))
(C:\Users\WasStudent\AppData\Local\Programs\MiKTeX\tex/latex/pmboxdraw\pmboxdra
w.sty
(C:\Users\WasStudent\AppData\Local\Programs\MiKTeX\tex/latex/pmboxdraw\pmboxdra
wenc.dfu))
(C:\Users\WasStudent\AppData\Local\Programs\MiKTeX\tex/latex/l3backend\l3backen
d-pdftex.def) (USER_MANUAL.aux)
*geometry* driver: auto-detecting
*geometry* detected driver: pdftex
(USER_MANUAL.out) (USER_MANUAL.out)
(C:\Users\WasStudent\AppData\Local\Programs\MiKTeX\tex/context/base/mkii\supp-p
df.mkii
[Loading MPS to PDF converter (version 2006.09.02).]
)
(C:\Users\WasStudent\AppData\Local\Programs\MiKTeX\tex/latex/epstopdf-pkg\epsto
pdf-base.sty
(C:\Users\WasStudent\AppData\Local\Programs\MiKTeX\tex/latex/00miktex\epstopdf-
sys.cfg)) [1{C:/Users/WasStudent/AppData/Local/MiKTeX/fonts/map/pdftex/pdftex.m
ap}] (USER_MANUAL.toc [2]) [3] [4]
(C:\Users\WasStudent\AppData\Local\Programs\MiKTeX\tex/latex/base\t1cmtt.fd)
[5]
Overfull \hbox (32.69855pt too wide) in paragraph at lines 163--164
[]\T1/cmr/m/n/10.95 Multiple copies: \T1/cmtt/m/n/10.95 {ParticipantID}_{Survey
Name}1.pdf\T1/cmr/m/n/10.95 , \T1/cmtt/m/n/10.95 {ParticipantID}_{SurveyName}2.
pdf\T1/cmr/m/n/10.95 ,
[6] [7] [8] [9] [10] [11] [12] [13] [14] (USER_MANUAL.aux) )
(see the transcript file for additional information) <C:\Users\WasStudent\AppDa
ta\Local\MiKTeX\fonts/pk/ljfour/jknappen/ec/dpi600\ectt1095.pk> <C:\Users\WasSt
udent\AppData\Local\MiKTeX\fonts/pk/ljfour/jknappen/ec/dpi600\tcrm1095.pk> <C:\
Users\WasStudent\AppData\Local\MiKTeX\fonts/pk/ljfour/jknappen/ec/dpi600\ecbx12
00.pk> <C:\Users\WasStudent\AppData\Local\MiKTeX\fonts/pk/ljfour/jknappen/ec/dp
i600\ecrm1095.pk> <C:\Users\WasStudent\AppData\Local\MiKTeX\fonts/pk/ljfour/jkn
appen/ec/dpi600\ecbx1095.pk> <C:\Users\WasStudent\AppData\Local\MiKTeX\fonts/pk
/ljfour/jknappen/ec/dpi600\ecbx1440.pk> <C:\Users\WasStudent\AppData\Local\MiKT
eX\fonts/pk/ljfour/jknappen/ec/dpi600\ecti1095.pk> <C:\Users\WasStudent\AppData
\Local\MiKTeX\fonts/pk/ljfour/jknappen/ec/dpi600\ecrm1200.pk> <C:\Users\WasStud
ent\AppData\Local\MiKTeX\fonts/pk/ljfour/jknappen/ec/dpi600\ecrm1440.pk> <C:\Us
ers\WasStudent\AppData\Local\MiKTeX\fonts/pk/ljfour/jknappen/ec/dpi600\ecbx1728
.pk><C:/Users/WasStudent/AppData/Local/Programs/MiKTeX/fonts/type1/public/amsfo
nts/cm/cmsy10.pfb>
Output written on USER_MANUAL.pdf (14 pages, 213736 bytes).
Transcript written on USER_MANUAL.log.
